[areceitadodia.com/sobremesas/index85b9.html]
[backblue.gif]
[fade.gif]
[index.html]
[areceitadodia.com/wp-content/themes/hello-elementor/style.minb12b.css]
[areceitadodia.com/wp-content/themes/hello-elementor/theme.minb12b.css]
[areceitadodia.com/wp-content/themes/hello-elementor/header-footer.minb12b.css]
[areceitadodia.com/wp-content/plugins/elementor/assets/css/frontend.min52dd.css]
[areceitadodia.com/wp-content/uploads/elementor/css/post-5f282.css]
[areceitadodia.com/wp-content/plugins/elementor/assets/lib/swiper/v8/css/swiper.min94a4.css]
[areceitadodia.com/wp-content/plugins/elementor/assets/css/conditionals/e-swiper.min52dd.css]
[areceitadodia.com/wp-content/plugins/pro-elements/assets/css/frontend.min28fc.css]
[areceitadodia.com/wp-content/plugins/elementor/assets/lib/font-awesome/css/all.min52dd.css]
[areceitadodia.com/wp-content/plugins/elementor/assets/lib/font-awesome/css/v4-shims.min52dd.css]
[areceitadodia.com/wp-content/uploads/elementor/css/globalf282.css]
[areceitadodia.com/wp-content/plugins/elementor/assets/css/widget-text-editor.min52dd.css]
[areceitadodia.com/wp-content/plugins/elementor/assets/css/widget-heading.min52dd.css]
[areceitadodia.com/wp-content/plugins/elementor/assets/css/widget-image.min52dd.css]
[areceitadodia.com/wp-content/plugins/elementor/assets/css/widget-image-carousel.min52dd.css]
[areceitadodia.com/wp-content/plugins/elementor/assets/css/widget-spacer.min52dd.css]
[areceitadodia.com/wp-content/plugins/elementor/assets/css/widget-icon-list.min52dd.css]
[areceitadodia.com/wp-content/plugins/elementor/assets/css/widget-image-box.min52dd.css]
[areceitadodia.com/wp-content/plugins/elementor/assets/css/widget-divider.min52dd.css]
[areceitadodia.com/wp-content/plugins/elementor/assets/css/widget-toggle.min52dd.css]
[areceitadodia.com/wp-content/uploads/elementor/css/post-60f282.css]
[areceitadodia.com/wp-content/plugins/elementor/assets/lib/font-awesome/js/v4-shims.min52dd.js]
[areceitadodia.com/sobremesas/index.html]
[cdn.utmify.com.br/scripts/pixel/pixel.js]
[areceitadodia.com/wp-content/uploads/2024/10/1.png]
[areceitadodia.com/wp-content/uploads/2024/10/rocambole-1633378455773_v2_720x720-e1727729871466.jpg]
[areceitadodia.com/wp-content/uploads/2024/10/2e7891aa-d220-4a5e-90a8-15a04be5a51d-1.jpg]
[areceitadodia.com/wp-content/uploads/2024/10/maxresdefault.jpg]
[areceitadodia.com/wp-content/uploads/2024/10/1700f071-58a3-4dfb-8275-c3fac3ef1bfa-1024x538.jpg]
[areceitadodia.com/wp-content/uploads/2024/10/imagem.jpg]
[areceitadodia.com/wp-content/uploads/2024/10/imagem-2.jpg]
[areceitadodia.com/wp-content/uploads/2024/10/imagem-3.jpg]
[areceitadodia.com/wp-content/uploads/2024/10/UIUIUI-1-2048x1251.png]
[scripts.converteai.net/e15e790d-cff3-4231-8450-d9e48899d489/players/64e4eec25d4157000942d10e/player.js]
[cdn.converteai.net/lib/js/smartplayer/v1/smartplayer.min.js]
[images.converteai.net/e15e790d-cff3-4231-8450-d9e48899d489/players/64e4eec25d4157000942d10e/thumbnail.jpg]
[cdn.utmify.com.br/scripts/utms/latest.js]
[areceitadodia.com/wp-content/themes/hello-elementor/assets/js/hello-frontend.minb12b.js]
[areceitadodia.com/wp-content/plugins/pro-elements/assets/js/webpack-pro.runtime.min28fc.js]
[areceitadodia.com/wp-content/plugins/elementor/assets/js/webpack.runtime.min52dd.js]
[areceitadodia.com/wp-includes/js/jquery/jquery.minf43b.js]
[areceitadodia.com/wp-includes/js/jquery/jquery-migrate.min5589.js]
[areceitadodia.com/wp-content/plugins/elementor/assets/js/frontend-modules.min52dd.js]
[areceitadodia.com/wp-includes/js/dist/hooks.min4fdd.js]
[areceitadodia.com/wp-includes/js/dist/i18n.minc33c.js]
[areceitadodia.com/wp-content/plugins/pro-elements/assets/js/frontend.min28fc.js]
[areceitadodia.com/wp-includes/js/jquery/ui/core.minb37e.js]
[areceitadodia.com/wp-content/plugins/elementor/assets/js/frontend.min52dd.js]
[areceitadodia.com/sobremesas/index85b9.html]
[areceitadodia.com/wp-content/plugins/pro-elements/assets/js/elements-handlers.min28fc.js]
[areceitadodia.com/wp-content/themes/hello-elementor/style.minb12b.css]
[areceitadodia.com/wp-content/themes/hello-elementor/theme.minb12b.css]
[areceitadodia.com/wp-content/themes/hello-elementor/header-footer.minb12b.css]
[areceitadodia.com/wp-content/plugins/elementor/assets/css/frontend.min52dd.css]
[areceitadodia.com/wp-content/uploads/elementor/css/post-5f282.css]
[areceitadodia.com/wp-content/plugins/elementor/assets/lib/swiper/v8/css/swiper.min94a4.css]
[areceitadodia.com/wp-content/plugins/elementor/assets/css/conditionals/e-swiper.min52dd.css]
[areceitadodia.com/wp-content/plugins/pro-elements/assets/css/frontend.min28fc.css]
[areceitadodia.com/wp-content/plugins/elementor/assets/lib/font-awesome/css/all.min52dd.css]
[areceitadodia.com/wp-content/plugins/elementor/assets/lib/font-awesome/css/v4-shims.min52dd.css]
[areceitadodia.com/wp-content/uploads/elementor/css/globalf282.css]
[areceitadodia.com/wp-content/plugins/elementor/assets/css/widget-text-editor.min52dd.css]
[areceitadodia.com/wp-content/plugins/elementor/assets/css/widget-heading.min52dd.css]
[areceitadodia.com/wp-content/plugins/elementor/assets/css/widget-image.min52dd.css]
[areceitadodia.com/wp-content/plugins/elementor/assets/css/widget-image-carousel.min52dd.css]
[areceitadodia.com/wp-content/plugins/elementor/assets/css/widget-spacer.min52dd.css]
[areceitadodia.com/wp-content/plugins/elementor/assets/css/widget-icon-list.min52dd.css]
[areceitadodia.com/wp-content/plugins/elementor/assets/css/widget-image-box.min52dd.css]
[areceitadodia.com/wp-content/plugins/elementor/assets/css/widget-divider.min52dd.css]
[areceitadodia.com/wp-content/plugins/elementor/assets/css/widget-menu-anchor.min52dd.css]
[areceitadodia.com/wp-content/plugins/elementor/assets/css/widget-toggle.min52dd.css]
[areceitadodia.com/wp-content/uploads/elementor/css/post-60f282.css]
[areceitadodia.com/sobremesas/index.html]
