[pay.hotmart.com/G72722089M9980.html]
[backblue.gif]
[fade.gif]
[index.html]
[polyfill-fastly.io/v3/polyfill.min18ed.js]
[pay.hotmart.com/js/third-party/adyen-prod-1-17.js]
[pay.hotmart.com/assets/font/display/woff2/HotmartDisplay-Regular.woff2]
[pay.hotmart.com/assets/font/display/woff/HotmartDisplay-Regular.woff]
[pay.hotmart.com/_nuxt/index.Dar_Ir4u.css]
[pay.hotmart.com/_nuxt/cosmos.DhBwmKs-.css]
[pay.hotmart.com/_nuxt/styles.C7uPjNXK.css]
[pay.hotmart.com/_nuxt/main.yaYNoa8v.css]
[pay.hotmart.com/_nuxt/entry.eSv53HF8.css]
[pay.hotmart.com/_nuxt/ProductSummary.DYslopi8.css]
[pay.hotmart.com/_nuxt/CartSummaryItem.CFbzV4Td.css]
[pay.hotmart.com/_nuxt/CheckoutIframe.CWYY0mF2.css]
[pay.hotmart.com/_nuxt/usePixel.DXwzes7-.css]
[pay.hotmart.com/_nuxt/Bn4eBZ_a.js]
[pay.hotmart.com/_nuxt/rVnhzu2_.js]
[pay.hotmart.com/_nuxt/C_R3THo4.js]
[pay.hotmart.com/_nuxt/CH6JZAHr.js]
[pay.hotmart.com/_nuxt/OGcimTaX.js]
[pay.hotmart.com/_nuxt/CgLFZxAR.js]
[pay.hotmart.com/_nuxt/CQLAFn-Q.js]
[pay.hotmart.com/_nuxt/10QURb5C.js]
[pay.hotmart.com/_nuxt/Cv274X1u.js]
[pay.hotmart.com/_nuxt/CWET3UoD.js]
[pay.hotmart.com/_nuxt/DwAhmdkZ.js]
[pay.hotmart.com/_nuxt/TTrKWB_E.js]
[pay.hotmart.com/_nuxt/B1ZTOXuu.js]
[pay.hotmart.com/_nuxt/DTunFn5O.js]
[pay.hotmart.com/_nuxt/CcoiCfVp.js]
[pay.hotmart.com/_nuxt/BpQB6Mf_.js]
[pay.hotmart.com/_nuxt/ZNvmGm8y.js]
[pay.hotmart.com/_nuxt/ckoHyrla.js]
[pay.hotmart.com/_nuxt/BskSFQDC.js]
[pay.hotmart.com/_nuxt/B09B4svA.js]
[pay.hotmart.com/_nuxt/1E0FRR5E.js]
[pay.hotmart.com/_nuxt/D6usMk8E.js]
[pay.hotmart.com/favicon.ico]
[static-media.hotmart.com/ke32MXWUNmGq8l972TYXqiCbQbk=/300x300/filters_quality(100)/hotmart/product_pictures/4ffaecd8-bc79-4d65-8716-872f90fcfb79/CpiadePostsestoryprontoseeditveisnocanva10801080px5]
[hotmart.s3.amazonaws.com/product_pictures/4ffaecd8-bc79-4d65-8716-872f90fcfb79/CpiadePostsestoryprontoseeditveisnocanva10801080px5.png]
[pay.hotmart.com/G72722089M9980.html]
[pay.hotmart.com/_nuxt/index.Dar_Ir4u.css]
[pay.hotmart.com/_nuxt/cosmos.DhBwmKs-.css]
[pay.hotmart.com/_nuxt/styles.C7uPjNXK.css]
[pay.hotmart.com/_nuxt/main.yaYNoa8v.css]
[pay.hotmart.com/_nuxt/entry.eSv53HF8.css]
[pay.hotmart.com/_nuxt/ProductSummary.DYslopi8.css]
[pay.hotmart.com/_nuxt/CartSummaryItem.CFbzV4Td.css]
[pay.hotmart.com/_nuxt/Collapse.BUiDI9CF.css]
[pay.hotmart.com/_nuxt/useClipboard.REiPYZIk.css]
[pay.hotmart.com/_nuxt/CopyToClipBoard.PrnEHb5X.css]
[pay.hotmart.com/_nuxt/CheckoutIframe.CWYY0mF2.css]
[pay.hotmart.com/_nuxt/usePixel.DXwzes7-.css]
[pay.hotmart.com/_nuxt/CreditCardData.Cr9xM2gP.css]
